// Jest Snapshot v1, https://goo.gl/fbAQLP

exports[`renders a snapshot 1`] = `
<div
  className="App"
>
  <div
    className="App-header"
  >
    <img
      alt="logo"
      className="App-logo"
      src="logo.svg"
    />
  </div>
  <span>
    Value: 
    0
    <button
      className="decrement"
      onClick={[Function]}
    >
      âˆ’
    </button>
    <button
      className="increment"
      onClick={[Function]}
    >
      +
    </button>
  </span>
</div>
`;
